apiVersion: networking.istio.io/v1alpha3
kind: ExternalService
metadata:
  creationTimestamp: null
  name: httpbin.org
  namespace: default
spec:
  hosts:
  - httpbin.org
  ports:
  - name: http-80
    number: 80
    protocol: http
