apiVersion: networking.istio.io/v1alpha3
kind: VirtualService
metadata:
  creationTimestamp: null
  name: c
  namespace: default
spec:
  hosts:
  - c
  http:
  - corsPolicy:
      allowCredentials: true
      allowHeaders:
      - content-type
      allowMethods:
      - POST
      - GET
      - OPTIONS
      allowOrigin:
      - http://foo.example
      exposeHeaders:
      - x-custom-header
      maxAge: 300.000s
    route:
    - destination:
        name: c
        subset: version-v1
      weight: 100
