apiVersion: networking.istio.io/v1alpha3
kind: VirtualService
metadata:
  creationTimestamp: null
  name: c
  namespace: default
spec:
  hosts:
  - c
  http:
  - mirror:
      name: b
    route:
    - destination:
        name: c
      weight: 100
